// Jest Snapshot v1, https://goo.gl/fbAQLP

exports[`Disabllow selectors that are not used in a TSX file 1`] = `
{
  "deprecations": [],
  "errored": true,
  "invalidOptionWarnings": [],
  "parseErrors": [],
  "warnings": [
    {
      "column": 1,
      "endColumn": 2,
      "endLine": 24,
      "line": 22,
      "rule": "plugin/no-unused-selectors",
      "severity": "error",
      "text": ".not-found is defined but doesn't match any elements in test.tsx. (plugin/no-unused-selectors)",
    },
  ],
}
`;
